gcc -g p6final.c
 gdb a.out
GNU gdb (Ubuntu 8.1.1-0ubuntu1) 8.1.1
Copyright (C) 2018 Free Software Foundation, Inc.
License GPLv3+: GNU GPL version 3 or later <http://gnu.org/licenses/gpl.html>
This is free software: you are free to change and redistribute it.
There is NO WARRANTY, to the extent permitted by law.  Type "show copying"
and "show warranty" for details.
This GDB was configured as "x86_64-linux-gnu".
Type "show configuration" for configuration details.
For bug reporting instructions, please see:
<http://www.gnu.org/software/gdb/bugs/>.
Find the GDB manual and other documentation resources online at:
<http://www.gnu.org/software/gdb/documentation/>.
For help, type "help".
Type "apropos word" to search for commands related to "word"...
Reading symbols from a.out...done.
(gdb) b main
Breakpoint 1 at 0x857: file p6final.c, line 35.
(gdb) r
Starting program: /home/runner/IA2-Test1-Session2-8/a.out 
warning: Error disabling address space randomization: Operation not permitted

Breakpoint 1, main () at p6final.c:35
35  {
(gdb) n
37    input_string(str);
(gdb) s
input_string (a=0x7ffe6bbef2c0 "\260\b`\221\276U") at p6final.c:5
5     printf("Enter the string/n");
(gdb) n
6     scanf("%s",a);
(gdb) n
Enter the string/n hello
7   }
(gdb) n
main () at p6final.c:38
38    str_reverse(str);
(gdb) s
str_reverse (str=0x7ffe6bbef2c0 "hello") at p6final.c:11
11     int i, j = 0;
(gdb) n
15     i = 0;
(gdb) n
16     j = strlen(str) - 1;
(gdb) n
18     while (i < j) 
(gdb) n
20         temp = str[i];
(gdb) n
21        str[i] = str[j];
(gdb) n
22        str[j] = temp;
(gdb) n
23        i++;
(gdb) n
24        j--;
 
 gcc -g p6final.c
 gdb a.out
GNU gdb (Ubuntu 8.1.1-0ubuntu1) 8.1.1
Copyright (C) 2018 Free Software Foundation, Inc.
License GPLv3+: GNU GPL version 3 or later <http://gnu.org/licenses/gpl.html>
This is free software: you are free to change and redistribute it.
There is NO WARRANTY, to the extent permitted by law.  Type "show copying"
and "show warranty" for details.
This GDB was configured as "x86_64-linux-gnu".
Type "show configuration" for configuration details.
For bug reporting instructions, please see:
<http://www.gnu.org/software/gdb/bugs/>.
Find the GDB manual and other documentation resources online at:
<http://www.gnu.org/software/gdb/documentation/>.
For help, type "help".
Type "apropos word" to search for commands related to "word"...
Reading symbols from a.out...done.
(gdb) b main
Breakpoint 1 at 0x857: file p6final.c, line 35.
(gdb) r
Starting program: /home/runner/IA2-Test1-Session2-8/a.out 
warning: Error disabling address space randomization: Operation not permitted

Breakpoint 1, main () at p6final.c:35
35  {
(gdb) n
37    input_string(str);
(gdb) s
input_string (a=0x7ffe36699fa0 "\260\b\200\200\177U") at p6final.c:5
5     printf("Enter the string/n");
(gdb) n
6     scanf("%s",a);
(gdb) n
Enter the string/n hello     
7   }
(gdb) n
main () at p6final.c:38
38    str_reverse(str);
(gdb) n
39    output(str);
(gdb) s
output (reversea=0x7ffe36699fa0 "olleh") at p6final.c:31
31    printf("The reverse string is %s",reversea );
(gdb) n
33  }
(gdb) n
main () at p6final.c:40
40  }  
(gdb) c
Continuing.
The reverse string is olleh[Inferior 1 (process 2253) exited normally]